
com.example.toutiao.demo.DatabasePersistenceTest:.....
com.example.toutiao.demo.ExampleInstrumentedTest:.
com.example.toutiao.demo.HomeNewsContentTest:.....
com.example.toutiao.demo.MainNavigationTest:..
com.example.toutiao.demo.OfflineVideoTest:...
com.example.toutiao.demo.ProfileBackupTest:...
com.example.toutiao.demo.ProfileChatPersistenceTest:..
com.example.toutiao.demo.ProfileUiPersistenceTest:
Error in realProfileEditorAndThreeStorageButtonsPersistAndCaptureEvidence(com.example.toutiao.demo.ProfileUiPersistenceTest):
androidx.test.espresso.NoMatchingViewException: No views in hierarchy found matching: view.getId() is <2131231040/com.example.toutiao.demo.acceptance:id/item_username>

View Hierarchy:
+>DecorView{id=-1, visibility=VISIBLE, width=684, height=362, has-focus=true, has-focusable=true, has-window-focus=true, is-clickable=false, is-enabled=true, is-focused=false, is-focusable=false, is-layout-requested=false, is-selected=false, layout-params={(0,0)(wrapxwrap) gr=CENTER sim={adjust=resize} ty=APPLICATION fmt=TRANSLUCENT wanim=0x7f110003
  fl=DIM_BEHIND SPLIT_TOUCH HARDWARE_ACCELERATED
  bhv=DEFAULT
  fitTypes=statusBars navigationBars captionBar systemOverlays
  frameRateBoostOnTouch=true
  dvrrWindowFrameRateHint=true}, tag=null, root-is-layout-requested=false, has-input-connection=false, x=0.0, y=0.0, child-count=1} 
|
+->LinearLayout{id=-1, visibility=VISIBLE, width=620, height=298, has-focus=true, has-focusable=true, has-window-focus=true, is-clickable=false, is-enabled=true, is-focused=false, is-focusable=false, is-layout-requested=false, is-selected=false, layout-params=android.widget.FrameLayout$LayoutParams@YYYYYY, tag=null, root-is-layout-requested=false, has-input-connection=false, x=32.0, y=32.0, child-count=2} 
|
+-->ViewStub{id=16908800, res-name=action_mode_bar_stub, visibility=GONE, width=0, height=0, has-focus=false, has-focusable=false, has-window-focus=true, is-clickable=false, is-enabled=true, is-focused=false, is-focusable=false, is-layout-requested=true, is-selected=false, layout-params=android.widget.LinearLayout$LayoutParams@YYYYYY, tag=null, root-is-layout-requested=false, has-input-connection=false, x=0.0, y=0.0} 
|
+-->FrameLayout{id=-1, visibility=VISIBLE, width=620, height=298, has-focus=true, has-focusable=true, has-window-focus=true, is-clickable=false, is-enabled=true, is-focused=false, is-focusable=false, is-layout-requested=false, is-selected=false, layout-params=android.widget.LinearLayout$LayoutParams@YYYYYY, tag=null, root-is-layout-requested=false, has-input-connection=false, x=0.0, y=0.0, child-count=1} 
|
+--->FitWindowsFrameLayout{id=2131230771, res-name=action_bar_root, visibility=VISIBLE, width=620, height=298, has-focus=true, has-focusable=true, has-window-focus=true, is-clickable=false, is-enabled=true, is-focused=false, is-focusable=false, is-layout-requested=false, is-selected=false, layout-params=android.widget.FrameLayout$LayoutParams@YYYYYY, tag=null, root-is-layout-requested=false, has-input-connection=false, x=0.0, y=0.0, child-count=2} 
|
+---->ContentFrameLayout{id=16908290, res-name=content, visibility=VISIBLE, width=620, height=298, has-focus=true, has-focusable=true, has-window-focus=true, is-clickable=false, is-enabled=true, is-focused=false, is-focusable=false, is-layout-requested=false, is-selected=false, layout-params=android.widget.FrameLayout$LayoutParams@YYYYYY, tag=null, root-is-layout-requested=false, has-input-connection=false, x=0.0, y=0.0, child-count=1} 
|
+----->AlertDialogLayout{id=2131231287, res-name=parentPanel, visibility=VISIBLE, width=620, height=298, has-focus=true, has-focusable=true, has-window-focus=true, is-clickable=false, is-enabled=true, is-focused=false, is-focusable=false, is-layout-requested=false, is-selected=false, layout-params=android.widget.FrameLayout$LayoutParams@YYYYYY, tag=null, root-is-layout-requested=false, has-input-connection=false, x=0.0, y=0.0, child-count=4} 
|
+------>LinearLayout{id=2131231467, res-name=topPanel, visibility=VISIBLE, width=620, height=90, has-focus=false, has-focusable=false, has-window-focus=true, is-clickable=false, is-enabled=true, is-focused=false, is-focusable=false, is-layout-requested=false, is-selected=false, layout-params=androidx.appcompat.widget.LinearLayoutCompat$LayoutParams@YYYYYY, tag=null, root-is-layout-requested=false, has-input-connection=false, x=0.0, y=0.0, child-count=2} 
|
+------->LinearLayout{id=2131231464, res-name=title_template, visibility=VISIBLE, width=620, height=90, has-focus=false, has-focusable=false, has-window-focus=true, is-clickable=false, is-enabled=true, is-focused=false, is-focusable=false, is-layout-requested=false, is-selected=false, layout-params=android.widget.LinearLayout$LayoutParams@YYYYYY, tag=null, root-is-layout-requested=false, has-input-connection=false, x=0.0, y=0.0, child-count=2} 
|
+-------->AppCompatImageView{id=16908294, res-name=icon, visibility=GONE, width=0, height=0, has-focus=false, has-focusable=false, has-window-focus=true, is-clickable=false, is-enabled=true, is-focused=false, is-focusable=false, is-layout-requested=true, is-selected=false, layout-params=android.widget.LinearLayout$LayoutParams@YYYYYY, tag=null, root-is-layout-requested=false, has-input-connection=false, x=0.0, y=0.0} 
|
+-------->DialogTitle{id=2131230788, res-name=alertTitle, visibility=VISIBLE, width=524, height=54, has-focus=false, has-focusable=false, has-window-focus=true, is-clickable=false, is-enabled=true, is-focused=false, is-focusable=false, is-layout-requested=false, is-selected=false, layout-params=android.widget.LinearLayout$LayoutParams@YYYYYY, tag=null, root-is-layout-requested=false, has-input-connection=false, x=48.0, y=36.0, text=修改昵称, input-type=0, ime-target=false, has-links=false} 
|
+------->Space{id=2131231463, res-name=titleDividerNoCustom, visibility=GONE, width=0, height=0, has-focus=false, has-focusable=false, has-window-focus=true, is-clickable=false, is-enabled=true, is-focused=false, is-focusable=false, is-layout-requested=true, is-selected=false, layout-params=android.widget.LinearLayout$LayoutParams@YYYYYY, tag=null, root-is-layout-requested=false, has-input-connection=false, x=0.0, y=0.0} 
|
+------>FrameLayout{id=2131230904, res-name=contentPanel, visibility=GONE, width=0, height=0, has-focus=false, has-focusable=false, has-window-focus=true, is-clickable=false, is-enabled=true, is-focused=false, is-focusable=false, is-layout-requested=true, is-selected=false, layout-params=androidx.appcompat.widget.LinearLayoutCompat$LayoutParams@YYYYYY, tag=null, root-is-layout-requested=false, has-input-connection=false, x=0.0, y=0.0, child-count=3} 
|
+------->View{id=2131231345, res-name=scrollIndicatorUp, visibility=GONE, width=0, height=0, has-focus=false, has-focusable=false, has-window-focus=true, is-clickable=false, is-enabled=true, is-focused=false, is-focusable=false, is-layout-requested=true, is-selected=false, layout-params=android.widget.FrameLayout$LayoutParams@YYYYYY, tag=null, root-is-layout-requested=false, has-input-connection=false, x=0.0, y=0.0} 
|
+------->NestedScrollView{id=2131231346, res-name=scrollView, visibility=VISIBLE, width=0, height=0, has-focus=false, has-focusable=false, has-window-focus=true, is-clickable=false, is-enabled=true, is-focused=false, is-focusable=false, is-layout-requested=true, is-selected=false, layout-params=android.widget.FrameLayout$LayoutParams@YYYYYY, tag=null, root-is-layout-requested=false, has-input-connection=false, x=0.0, y=0.0, child-count=1} 
|
+-------->LinearLayout{id=-1, visibility=VISIBLE, width=0, height=0, has-focus=false, has-focusable=false, has-window-focus=true, is-clickable=false, is-enabled=true, is-focused=false, is-focusable=false, is-layout-requested=true, is-selected=false, layout-params=android.widget.FrameLayout$LayoutParams@YYYYYY, tag=null, root-is-layout-requested=false, has-input-connection=false, x=0.0, y=0.0, child-count=3} 
|
+--------->Space{id=2131231449, res-name=textSpacerNoTitle, visibility=GONE, width=0, height=0, has-focus=false, has-focusable=false, has-window-focus=true, is-clickable=false, is-enabled=true, is-focused=false, is-focusable=false, is-layout-requested=true, is-selected=false, layout-params=android.widget.LinearLayout$LayoutParams@YYYYYY, tag=null, root-is-layout-requested=false, has-input-connection=false, x=0.0, y=0.0} 
|
+--------->MaterialTextView{id=16908299, res-name=message, visibility=GONE, width=0, height=0, has-focus=false, has-focusable=false, has-window-focus=true, is-clickable=false, is-enabled=true, is-focused=false, is-focusable=false, is-layout-requested=true, is-selected=false, layout-params=android.widget.LinearLayout$LayoutParams@YYYYYY, tag=null, root-is-layout-requested=false, has-input-connection=false, x=0.0, y=0.0, text=, input-type=0, ime-target=false, has-links=false} 
|
+--------->Space{id=2131231448, res-name=textSpacerNoButtons, visibility=GONE, width=0, height=0, has-focus=false, has-focusable=false, has-window-focus=true, is-clickable=false, is-enabled=true, is-focused=false, is-focusable=false, is-layout-requested=true, is-selected=false, layout-params=android.widget.LinearLayout$LayoutParams@YYYYYY, tag=null, root-is-layout-requested=false, has-input-connection=false, x=0.0, y=0.0} 
|
+------->View{id=2131231344, res-name=scrollIndicatorDown, visibility=GONE, width=0, height=0, has-focus=false, has-focusable=false, has-window-focus=true, is-clickable=false, is-enabled=true, is-focused=false, is-focusable=false, is-layout-requested=true, is-selected=false, layout-params=android.widget.FrameLayout$LayoutParams@YYYYYY, tag=null, root-is-layout-requested=false, has-input-connection=false, x=0.0, y=0.0} 
|
+------>FrameLayout{id=2131230910, res-name=customPanel, visibility=VISIBLE, width=620, height=96, has-focus=true, has-focusable=true, has-window-focus=true, is-clickable=false, is-enabled=true, is-focused=false, is-focusable=false, is-layout-requested=false, is-selected=false, layout-params=androidx.appcompat.widget.LinearLayoutCompat$LayoutParams@YYYYYY, tag=null, root-is-layout-requested=false, has-input-connection=false, x=0.0, y=90.0, child-count=1} 
|
+------->FrameLayout{id=2131230909, res-name=custom, visibility=VISIBLE, width=620, height=91, has-focus=true, has-focusable=true, has-window-focus=true, is-clickable=false, is-enabled=true, is-focused=false, is-focusable=false, is-layout-requested=false, is-selected=false, layout-params=android.widget.FrameLayout$LayoutParams@YYYYYY, tag=null, root-is-layout-requested=false, has-input-connection=false, x=0.0, y=0.0, child-count=1} 
|
+-------->EditText{id=-1, visibility=VISIBLE, width=620, height=91, has-focus=true, has-focusable=true, has-window-focus=true, is-clickable=true, is-enabled=true, is-focused=true, is-focusable=true, is-layout-requested=false, is-selected=false, layout-params=android.widget.FrameLayout$LayoutParams@YYYYYY, tag=null, root-is-layout-requested=false, has-input-connection=true, editor-info=[inputType=0x200001 imeOptions=0x6 privateImeOptions=null actionLabel=null actionId=0 initialSelStart=0 initialSelEnd=0 initialToolType=0 initialCapsMode=0x0 hintText=null label=null packageName=null autofillId=null fieldId=0 fieldName=null extras=Bundle[{androidx.core.view.inputmethod.EditorInfoCompat.STYLUS_HANDWRITING_ENABLED=true}] hintLocales=null supportedHandwritingGestureTypes=SELECT|SELECT_RANGE|INSERT|DELETE|DELETE_RANGE|REMOVE_SPACE|JOIN_OR_SPLIT supportedHandwritingGesturePreviewTypes=SELECT|SELECT_RANGE|DELETE|DELETE_RANGE isStylusHandwritingEnabled=true writingToolsEnabled=true contentMimeTypes=null ], x=0.0, y=0.0, text=   , error-text=昵称不能为空, input-type=1, ime-target=true, has-links=false} 
|
+------>ScrollView{id=2131230860, res-name=buttonPanel, visibility=VISIBLE, width=620, height=112, has-focus=false, has-focusable=true, has-window-focus=true, is-clickable=false, is-enabled=true, is-focused=false, is-focusable=true, is-layout-requested=false, is-selected=false, layout-params=androidx.appcompat.widget.LinearLayoutCompat$LayoutParams@YYYYYY, tag=null, root-is-layout-requested=false, has-input-connection=false, x=0.0, y=186.0, child-count=1} 
|
+------->ButtonBarLayout{id=-1, visibility=VISIBLE, width=620, height=112, has-focus=false, has-focusable=true, has-window-focus=true, is-clickable=false, is-enabled=true, is-focused=false, is-focusable=false, is-layout-requested=false, is-selected=false, layout-params=android.widget.FrameLayout$LayoutParams@YYYYYY, tag=null, root-is-layout-requested=false, has-input-connection=false, x=0.0, y=0.0, child-count=4} 
|
+-------->MaterialButton{id=16908315, res-name=button3, visibility=GONE, width=0, height=0, has-focus=false, has-focusable=false, has-window-focus=true, is-clickable=true, is-enabled=true, is-focused=false, is-focusable=true, is-layout-requested=true, is-selected=false, layout-params=android.widget.LinearLayout$LayoutParams@YYYYYY, tag=null, root-is-layout-requested=false, has-input-connection=false, x=0.0, y=0.0, text=, input-type=0, ime-target=false, has-links=false, is-checked=false} 
|
+-------->Space{id=2131231373, res-name=spacer, visibility=INVISIBLE, width=316, height=0, has-focus=false, has-focusable=false, has-window-focus=true, is-clickable=false, is-enabled=true, is-focused=false, is-focusable=false, is-layout-requested=false, is-selected=false, layout-params=android.widget.LinearLayout$LayoutParams@YYYYYY, tag=null, root-is-layout-requested=false, has-input-connection=false, x=24.0, y=104.0} 
|
+-------->MaterialButton{id=16908314, res-name=button2, visibility=VISIBLE, width=128, height=96, has-focus=false, has-focusable=true, has-window-focus=true, is-clickable=true, is-enabled=true, is-focused=false, is-focusable=true, is-layout-requested=false, is-selected=false, layout-params=android.widget.LinearLayout$LayoutParams@YYYYYY, tag=null, root-is-layout-requested=false, has-input-connection=false, x=340.0, y=8.0, text=取消, input-type=0, ime-target=false, has-links=false, is-checked=false} 
|
+-------->MaterialButton{id=16908313, res-name=button1, visibility=VISIBLE, width=128, height=96, has-focus=false, has-focusable=true, has-window-focus=true, is-clickable=true, is-enabled=true, is-focused=false, is-focusable=true, is-layout-requested=false, is-selected=false, layout-params=android.widget.LinearLayout$LayoutParams@YYYYYY, tag=null, root-is-layout-requested=false, has-input-connection=false, x=468.0, y=8.0, text=保存, input-type=0, ime-target=false, has-links=false, is-checked=false} 
|
+---->ViewStubCompat{id=2131230782, res-name=action_mode_bar_stub, visibility=GONE, width=0, height=0, has-focus=false, has-focusable=false, has-window-focus=true, is-clickable=false, is-enabled=true, is-focused=false, is-focusable=false, is-layout-requested=true, is-selected=false, layout-params=android.widget.FrameLayout$LayoutParams@YYYYYY, tag=null, root-is-layout-requested=false, has-input-connection=false, x=0.0, y=0.0} 
The complete view hierarchy is available in artifact file 'view-hierarchy-1.txt'.
	at androidx.test.espresso.NoMatchingViewException$Builder.build(NoMatchingViewException.java:185)
	at androidx.test.espresso.base.DefaultFailureHandler.lambda$getNoMatchingViewExceptionTruncater$0(DefaultFailureHandler.java:93)
	at androidx.test.espresso.base.DefaultFailureHandler$$ExternalSyntheticLambda1.truncateExceptionMessage(D8$$SyntheticClass:2)
	at androidx.test.espresso.base.ViewHierarchyExceptionHandler.handleSafely(ViewHierarchyExceptionHandler.java:72)
	at androidx.test.espresso.base.ViewHierarchyExceptionHandler.handleSafely(ViewHierarchyExceptionHandler.java:38)
	at androidx.test.espresso.base.DefaultFailureHandler$TypedFailureHandler.handle(DefaultFailureHandler.java:158)
	at androidx.test.espresso.base.DefaultFailureHandler.handle(DefaultFailureHandler.java:120)
	at androidx.test.espresso.ViewInteraction.waitForAndHandleInteractionResults(ViewInteraction.java:385)
	at androidx.test.espresso.ViewInteraction.desugaredPerform(ViewInteraction.java:212)
	at androidx.test.espresso.ViewInteraction.perform(ViewInteraction.java:140)
	at com.example.toutiao.demo.ProfileUiPersistenceTest.realProfileEditorAndThreeStorageButtonsPersistAndCaptureEvidence(ProfileUiPersistenceTest.java:46)

com.example.toutiao.demo.PublishFlowTest:..
com.example.toutiao.demo.ShopCartOrderTest:.....
com.example.toutiao.demo.ShopUiAcceptanceTest:
Error in productSkuCartAndSimulatedPayment(com.example.toutiao.demo.ShopUiAcceptanceTest):
java.lang.AssertionError: expected:<2> but was:<1>
	at org.junit.Assert.fail(Assert.java:89)
	at org.junit.Assert.failNotEquals(Assert.java:835)
	at org.junit.Assert.assertEquals(Assert.java:647)
	at org.junit.Assert.assertEquals(Assert.java:633)
	at com.example.toutiao.demo.ShopUiAcceptanceTest.productSkuCartAndSimulatedPayment(ShopUiAcceptanceTest.java:82)

com.example.toutiao.demo.acceptance.MediaDetailsTest:....
Error in audioAdvancesSeeksPausesAndReleasesOnBackgroundAndDestroy(com.example.toutiao.demo.acceptance.MediaDetailsTest):
java.lang.AssertionError: Timed out waiting for media state
	at org.junit.Assert.fail(Assert.java:89)
	at org.junit.Assert.assertTrue(Assert.java:42)
	at com.example.toutiao.demo.acceptance.MediaDetailsTest.await(MediaDetailsTest.java:45)
	at com.example.toutiao.demo.acceptance.MediaDetailsTest.audioAdvancesSeeksPausesAndReleasesOnBackgroundAndDestroy(MediaDetailsTest.java:114)
..

Time: 143.538
There were 3 failures:
1) realProfileEditorAndThreeStorageButtonsPersistAndCaptureEvidence(com.example.toutiao.demo.ProfileUiPersistenceTest)
androidx.test.espresso.NoMatchingViewException: No views in hierarchy found matching: view.getId() is <2131231040/com.example.toutiao.demo.acceptance:id/item_username>

View Hierarchy:
+>DecorView{id=-1, visibility=VISIBLE, width=684, height=362, has-focus=true, has-focusable=true, has-window-focus=true, is-clickable=false, is-enabled=true, is-focused=false, is-focusable=false, is-layout-requested=false, is-selected=false, layout-params={(0,0)(wrapxwrap) gr=CENTER sim={adjust=resize} ty=APPLICATION fmt=TRANSLUCENT wanim=0x7f110003
  fl=DIM_BEHIND SPLIT_TOUCH HARDWARE_ACCELERATED
  bhv=DEFAULT
  fitTypes=statusBars navigationBars captionBar systemOverlays
  frameRateBoostOnTouch=true
  dvrrWindowFrameRateHint=true}, tag=null, root-is-layout-requested=false, has-input-connection=false, x=0.0, y=0.0, child-count=1} 
|
+->LinearLayout{id=-1, visibility=VISIBLE, width=620, height=298, has-focus=true, has-focusable=true, has-window-focus=true, is-clickable=false, is-enabled=true, is-focused=false, is-focusable=false, is-layout-requested=false, is-selected=false, layout-params=android.widget.FrameLayout$LayoutParams@YYYYYY, tag=null, root-is-layout-requested=false, has-input-connection=false, x=32.0, y=32.0, child-count=2} 
|
+-->ViewStub{id=16908800, res-name=action_mode_bar_stub, visibility=GONE, width=0, height=0, has-focus=false, has-focusable=false, has-window-focus=true, is-clickable=false, is-enabled=true, is-focused=false, is-focusable=false, is-layout-requested=true, is-selected=false, layout-params=android.widget.LinearLayout$LayoutParams@YYYYYY, tag=null, root-is-layout-requested=false, has-input-connection=false, x=0.0, y=0.0} 
|
+-->FrameLayout{id=-1, visibility=VISIBLE, width=620, height=298, has-focus=true, has-focusable=true, has-window-focus=true, is-clickable=false, is-enabled=true, is-focused=false, is-focusable=false, is-layout-requested=false, is-selected=false, layout-params=android.widget.LinearLayout$LayoutParams@YYYYYY, tag=null, root-is-layout-requested=false, has-input-connection=false, x=0.0, y=0.0, child-count=1} 
|
+--->FitWindowsFrameLayout{id=2131230771, res-name=action_bar_root, visibility=VISIBLE, width=620, height=298, has-focus=true, has-focusable=true, has-window-focus=true, is-clickable=false, is-enabled=true, is-focused=false, is-focusable=false, is-layout-requested=false, is-selected=false, layout-params=android.widget.FrameLayout$LayoutParams@YYYYYY, tag=null, root-is-layout-requested=false, has-input-connection=false, x=0.0, y=0.0, child-count=2} 
|
+---->ContentFrameLayout{id=16908290, res-name=content, visibility=VISIBLE, width=620, height=298, has-focus=true, has-focusable=true, has-window-focus=true, is-clickable=false, is-enabled=true, is-focused=false, is-focusable=false, is-layout-requested=false, is-selected=false, layout-params=android.widget.FrameLayout$LayoutParams@YYYYYY, tag=null, root-is-layout-requested=false, has-input-connection=false, x=0.0, y=0.0, child-count=1} 
|
+----->AlertDialogLayout{id=2131231287, res-name=parentPanel, visibility=VISIBLE, width=620, height=298, has-focus=true, has-focusable=true, has-window-focus=true, is-clickable=false, is-enabled=true, is-focused=false, is-focusable=false, is-layout-requested=false, is-selected=false, layout-params=android.widget.FrameLayout$LayoutParams@YYYYYY, tag=null, root-is-layout-requested=false, has-input-connection=false, x=0.0, y=0.0, child-count=4} 
|
+------>LinearLayout{id=2131231467, res-name=topPanel, visibility=VISIBLE, width=620, height=90, has-focus=false, has-focusable=false, has-window-focus=true, is-clickable=false, is-enabled=true, is-focused=false, is-focusable=false, is-layout-requested=false, is-selected=false, layout-params=androidx.appcompat.widget.LinearLayoutCompat$LayoutParams@YYYYYY, tag=null, root-is-layout-requested=false, has-input-connection=false, x=0.0, y=0.0, child-count=2} 
|
+------->LinearLayout{id=2131231464, res-name=title_template, visibility=VISIBLE, width=620, height=90, has-focus=false, has-focusable=false, has-window-focus=true, is-clickable=false, is-enabled=true, is-focused=false, is-focusable=false, is-layout-requested=false, is-selected=false, layout-params=android.widget.LinearLayout$LayoutParams@YYYYYY, tag=null, root-is-layout-requested=false, has-input-connection=false, x=0.0, y=0.0, child-count=2} 
|
+-------->AppCompatImageView{id=16908294, res-name=icon, visibility=GONE, width=0, height=0, has-focus=false, has-focusable=false, has-window-focus=true, is-clickable=false, is-enabled=true, is-focused=false, is-focusable=false, is-layout-requested=true, is-selected=false, layout-params=android.widget.LinearLayout$LayoutParams@YYYYYY, tag=null, root-is-layout-requested=false, has-input-connection=false, x=0.0, y=0.0} 
|
+-------->DialogTitle{id=2131230788, res-name=alertTitle, visibility=VISIBLE, width=524, height=54, has-focus=false, has-focusable=false, has-window-focus=true, is-clickable=false, is-enabled=true, is-focused=false, is-focusable=false, is-layout-requested=false, is-selected=false, layout-params=android.widget.LinearLayout$LayoutParams@YYYYYY, tag=null, root-is-layout-requested=false, has-input-connection=false, x=48.0, y=36.0, text=修改昵称, input-type=0, ime-target=false, has-links=false} 
|
+------->Space{id=2131231463, res-name=titleDividerNoCustom, visibility=GONE, width=0, height=0, has-focus=false, has-focusable=false, has-window-focus=true, is-clickable=false, is-enabled=true, is-focused=false, is-focusable=false, is-layout-requested=true, is-selected=false, layout-params=android.widget.LinearLayout$LayoutParams@YYYYYY, tag=null, root-is-layout-requested=false, has-input-connection=false, x=0.0, y=0.0} 
|
+------>FrameLayout{id=2131230904, res-name=contentPanel, visibility=GONE, width=0, height=0, has-focus=false, has-focusable=false, has-window-focus=true, is-clickable=false, is-enabled=true, is-focused=false, is-focusable=false, is-layout-requested=true, is-selected=false, layout-params=androidx.appcompat.widget.LinearLayoutCompat$LayoutParams@YYYYYY, tag=null, root-is-layout-requested=false, has-input-connection=false, x=0.0, y=0.0, child-count=3} 
|
+------->View{id=2131231345, res-name=scrollIndicatorUp, visibility=GONE, width=0, height=0, has-focus=false, has-focusable=false, has-window-focus=true, is-clickable=false, is-enabled=true, is-focused=false, is-focusable=false, is-layout-requested=true, is-selected=false, layout-params=android.widget.FrameLayout$LayoutParams@YYYYYY, tag=null, root-is-layout-requested=false, has-input-connection=false, x=0.0, y=0.0} 
|
+------->NestedScrollView{id=2131231346, res-name=scrollView, visibility=VISIBLE, width=0, height=0, has-focus=false, has-focusable=false, has-window-focus=true, is-clickable=false, is-enabled=true, is-focused=false, is-focusable=false, is-layout-requested=true, is-selected=false, layout-params=android.widget.FrameLayout$LayoutParams@YYYYYY, tag=null, root-is-layout-requested=false, has-input-connection=false, x=0.0, y=0.0, child-count=1} 
|
+-------->LinearLayout{id=-1, visibility=VISIBLE, width=0, height=0, has-focus=false, has-focusable=false, has-window-focus=true, is-clickable=false, is-enabled=true, is-focused=false, is-focusable=false, is-layout-requested=true, is-selected=false, layout-params=android.widget.FrameLayout$LayoutParams@YYYYYY, tag=null, root-is-layout-requested=false, has-input-connection=false, x=0.0, y=0.0, child-count=3} 
|
+--------->Space{id=2131231449, res-name=textSpacerNoTitle, visibility=GONE, width=0, height=0, has-focus=false, has-focusable=false, has-window-focus=true, is-clickable=false, is-enabled=true, is-focused=false, is-focusable=false, is-layout-requested=true, is-selected=false, layout-params=android.widget.LinearLayout$LayoutParams@YYYYYY, tag=null, root-is-layout-requested=false, has-input-connection=false, x=0.0, y=0.0} 
|
+--------->MaterialTextView{id=16908299, res-name=message, visibility=GONE, width=0, height=0, has-focus=false, has-focusable=false, has-window-focus=true, is-clickable=false, is-enabled=true, is-focused=false, is-focusable=false, is-layout-requested=true, is-selected=false, layout-params=android.widget.LinearLayout$LayoutParams@YYYYYY, tag=null, root-is-layout-requested=false, has-input-connection=false, x=0.0, y=0.0, text=, input-type=0, ime-target=false, has-links=false} 
|
+--------->Space{id=2131231448, res-name=textSpacerNoButtons, visibility=GONE, width=0, height=0, has-focus=false, has-focusable=false, has-window-focus=true, is-clickable=false, is-enabled=true, is-focused=false, is-focusable=false, is-layout-requested=true, is-selected=false, layout-params=android.widget.LinearLayout$LayoutParams@YYYYYY, tag=null, root-is-layout-requested=false, has-input-connection=false, x=0.0, y=0.0} 
|
+------->View{id=2131231344, res-name=scrollIndicatorDown, visibility=GONE, width=0, height=0, has-focus=false, has-focusable=false, has-window-focus=true, is-clickable=false, is-enabled=true, is-focused=false, is-focusable=false, is-layout-requested=true, is-selected=false, layout-params=android.widget.FrameLayout$LayoutParams@YYYYYY, tag=null, root-is-layout-requested=false, has-input-connection=false, x=0.0, y=0.0} 
|
+------>FrameLayout{id=2131230910, res-name=customPanel, visibility=VISIBLE, width=620, height=96, has-focus=true, has-focusable=true, has-window-focus=true, is-clickable=false, is-enabled=true, is-focused=false, is-focusable=false, is-layout-requested=false, is-selected=false, layout-params=androidx.appcompat.widget.LinearLayoutCompat$LayoutParams@YYYYYY, tag=null, root-is-layout-requested=false, has-input-connection=false, x=0.0, y=90.0, child-count=1} 
|
+------->FrameLayout{id=2131230909, res-name=custom, visibility=VISIBLE, width=620, height=91, has-focus=true, has-focusable=true, has-window-focus=true, is-clickable=false, is-enabled=true, is-focused=false, is-focusable=false, is-layout-requested=false, is-selected=false, layout-params=android.widget.FrameLayout$LayoutParams@YYYYYY, tag=null, root-is-layout-requested=false, has-input-connection=false, x=0.0, y=0.0, child-count=1} 
|
+-------->EditText{id=-1, visibility=VISIBLE, width=620, height=91, has-focus=true, has-focusable=true, has-window-focus=true, is-clickable=true, is-enabled=true, is-focused=true, is-focusable=true, is-layout-requested=false, is-selected=false, layout-params=android.widget.FrameLayout$LayoutParams@YYYYYY, tag=null, root-is-layout-requested=false, has-input-connection=true, editor-info=[inputType=0x200001 imeOptions=0x6 privateImeOptions=null actionLabel=null actionId=0 initialSelStart=0 initialSelEnd=0 initialToolType=0 initialCapsMode=0x0 hintText=null label=null packageName=null autofillId=null fieldId=0 fieldName=null extras=Bundle[{androidx.core.view.inputmethod.EditorInfoCompat.STYLUS_HANDWRITING_ENABLED=true}] hintLocales=null supportedHandwritingGestureTypes=SELECT|SELECT_RANGE|INSERT|DELETE|DELETE_RANGE|REMOVE_SPACE|JOIN_OR_SPLIT supportedHandwritingGesturePreviewTypes=SELECT|SELECT_RANGE|DELETE|DELETE_RANGE isStylusHandwritingEnabled=true writingToolsEnabled=true contentMimeTypes=null ], x=0.0, y=0.0, text=   , error-text=昵称不能为空, input-type=1, ime-target=true, has-links=false} 
|
+------>ScrollView{id=2131230860, res-name=buttonPanel, visibility=VISIBLE, width=620, height=112, has-focus=false, has-focusable=true, has-window-focus=true, is-clickable=false, is-enabled=true, is-focused=false, is-focusable=true, is-layout-requested=false, is-selected=false, layout-params=androidx.appcompat.widget.LinearLayoutCompat$LayoutParams@YYYYYY, tag=null, root-is-layout-requested=false, has-input-connection=false, x=0.0, y=186.0, child-count=1} 
|
+------->ButtonBarLayout{id=-1, visibility=VISIBLE, width=620, height=112, has-focus=false, has-focusable=true, has-window-focus=true, is-clickable=false, is-enabled=true, is-focused=false, is-focusable=false, is-layout-requested=false, is-selected=false, layout-params=android.widget.FrameLayout$LayoutParams@YYYYYY, tag=null, root-is-layout-requested=false, has-input-connection=false, x=0.0, y=0.0, child-count=4} 
|
+-------->MaterialButton{id=16908315, res-name=button3, visibility=GONE, width=0, height=0, has-focus=false, has-focusable=false, has-window-focus=true, is-clickable=true, is-enabled=true, is-focused=false, is-focusable=true, is-layout-requested=true, is-selected=false, layout-params=android.widget.LinearLayout$LayoutParams@YYYYYY, tag=null, root-is-layout-requested=false, has-input-connection=false, x=0.0, y=0.0, text=, input-type=0, ime-target=false, has-links=false, is-checked=false} 
|
+-------->Space{id=2131231373, res-name=spacer, visibility=INVISIBLE, width=316, height=0, has-focus=false, has-focusable=false, has-window-focus=true, is-clickable=false, is-enabled=true, is-focused=false, is-focusable=false, is-layout-requested=false, is-selected=false, layout-params=android.widget.LinearLayout$LayoutParams@YYYYYY, tag=null, root-is-layout-requested=false, has-input-connection=false, x=24.0, y=104.0} 
|
+-------->MaterialButton{id=16908314, res-name=button2, visibility=VISIBLE, width=128, height=96, has-focus=false, has-focusable=true, has-window-focus=true, is-clickable=true, is-enabled=true, is-focused=false, is-focusable=true, is-layout-requested=false, is-selected=false, layout-params=android.widget.LinearLayout$LayoutParams@YYYYYY, tag=null, root-is-layout-requested=false, has-input-connection=false, x=340.0, y=8.0, text=取消, input-type=0, ime-target=false, has-links=false, is-checked=false} 
|
+-------->MaterialButton{id=16908313, res-name=button1, visibility=VISIBLE, width=128, height=96, has-focus=false, has-focusable=true, has-window-focus=true, is-clickable=true, is-enabled=true, is-focused=false, is-focusable=true, is-layout-requested=false, is-selected=false, layout-params=android.widget.LinearLayout$LayoutParams@YYYYYY, tag=null, root-is-layout-requested=false, has-input-connection=false, x=468.0, y=8.0, text=保存, input-type=0, ime-target=false, has-links=false, is-checked=false} 
|
+---->ViewStubCompat{id=2131230782, res-name=action_mode_bar_stub, visibility=GONE, width=0, height=0, has-focus=false, has-focusable=false, has-window-focus=true, is-clickable=false, is-enabled=true, is-focused=false, is-focusable=false, is-layout-requested=true, is-selected=false, layout-params=android.widget.FrameLayout$LayoutParams@YYYYYY, tag=null, root-is-layout-requested=false, has-input-connection=false, x=0.0, y=0.0} 
The complete view hierarchy is available in artifact file 'view-hierarchy-1.txt'.
	at androidx.test.espresso.NoMatchingViewException$Builder.build(NoMatchingViewException.java:185)
	at androidx.test.espresso.base.DefaultFailureHandler.lambda$getNoMatchingViewExceptionTruncater$0(DefaultFailureHandler.java:93)
	at androidx.test.espresso.base.DefaultFailureHandler$$ExternalSyntheticLambda1.truncateExceptionMessage(D8$$SyntheticClass:2)
	at androidx.test.espresso.base.ViewHierarchyExceptionHandler.handleSafely(ViewHierarchyExceptionHandler.java:72)
	at androidx.test.espresso.base.ViewHierarchyExceptionHandler.handleSafely(ViewHierarchyExceptionHandler.java:38)
	at androidx.test.espresso.base.DefaultFailureHandler$TypedFailureHandler.handle(DefaultFailureHandler.java:158)
	at androidx.test.espresso.base.DefaultFailureHandler.handle(DefaultFailureHandler.java:120)
	at androidx.test.espresso.ViewInteraction.waitForAndHandleInteractionResults(ViewInteraction.java:385)
	at androidx.test.espresso.ViewInteraction.desugaredPerform(ViewInteraction.java:212)
	at androidx.test.espresso.ViewInteraction.perform(ViewInteraction.java:140)
	at com.example.toutiao.demo.ProfileUiPersistenceTest.realProfileEditorAndThreeStorageButtonsPersistAndCaptureEvidence(ProfileUiPersistenceTest.java:46)
2) productSkuCartAndSimulatedPayment(com.example.toutiao.demo.ShopUiAcceptanceTest)
java.lang.AssertionError: expected:<2> but was:<1>
	at org.junit.Assert.fail(Assert.java:89)
	at org.junit.Assert.failNotEquals(Assert.java:835)
	at org.junit.Assert.assertEquals(Assert.java:647)
	at org.junit.Assert.assertEquals(Assert.java:633)
	at com.example.toutiao.demo.ShopUiAcceptanceTest.productSkuCartAndSimulatedPayment(ShopUiAcceptanceTest.java:82)
3) audioAdvancesSeeksPausesAndReleasesOnBackgroundAndDestroy(com.example.toutiao.demo.acceptance.MediaDetailsTest)
java.lang.AssertionError: Timed out waiting for media state
	at org.junit.Assert.fail(Assert.java:89)
	at org.junit.Assert.assertTrue(Assert.java:42)
	at com.example.toutiao.demo.acceptance.MediaDetailsTest.await(MediaDetailsTest.java:45)
	at com.example.toutiao.demo.acceptance.MediaDetailsTest.audioAdvancesSeeksPausesAndReleasesOnBackgroundAndDestroy(MediaDetailsTest.java:114)

FAILURES!!!
Tests run: 37,  Failures: 3


