
com.example.toutiao.demo.DatabasePersistenceTest:.....
com.example.toutiao.demo.ExampleInstrumentedTest:
Error in useAppContext(com.example.toutiao.demo.ExampleInstrumentedTest):
org.junit.ComparisonFailure: expected:<...example.toutiao.demo[]> but was:<...example.toutiao.demo[.acceptance]>
	at org.junit.Assert.assertEquals(Assert.java:115)
	at org.junit.Assert.assertEquals(Assert.java:144)
	at com.example.toutiao.demo.ExampleInstrumentedTest.useAppContext(ExampleInstrumentedTest.java:24)

com.example.toutiao.demo.HomeNewsContentTest:.....
com.example.toutiao.demo.MainNavigationTest:..
com.example.toutiao.demo.OfflineVideoTest:...
com.example.toutiao.demo.ProfileBackupTest:...
com.example.toutiao.demo.ProfileChatPersistenceTest:..
com.example.toutiao.demo.ProfileUiPersistenceTest:
Error in realProfileEditorAndThreeStorageButtonsPersistAndCaptureEvidence(com.example.toutiao.demo.ProfileUiPersistenceTest):
java.lang.RuntimeException: java.lang.NoSuchMethodException: android.hardware.input.InputManager.getInstance []
	at androidx.test.espresso.base.InputManagerEventInjectionStrategy.initialize(InputManagerEventInjectionStrategy.java:28)
	at androidx.test.espresso.base.BaseLayerModule.provideEventInjector(BaseLayerModule.java:4)
	at androidx.test.espresso.base.BaseLayerModule_ProvideEventInjectorFactory.provideEventInjector(BaseLayerModule_ProvideEventInjectorFactory.java:1)
	at androidx.test.espresso.base.BaseLayerModule_ProvideEventInjectorFactory.get(BaseLayerModule_ProvideEventInjectorFactory.java:1)
	at androidx.test.espresso.base.BaseLayerModule_ProvideEventInjectorFactory.get(BaseLayerModule_ProvideEventInjectorFactory.java:2)
	at androidx.test.espresso.core.internal.deps.dagger.internal.DoubleCheck.get(DoubleCheck.java:6)
	at androidx.test.espresso.base.UiControllerImpl_Factory.get(UiControllerImpl_Factory.java:1)
	at androidx.test.espresso.base.UiControllerImpl_Factory.get(UiControllerImpl_Factory.java:2)
	at androidx.test.espresso.core.internal.deps.dagger.internal.DoubleCheck.get(DoubleCheck.java:6)
	at androidx.test.espresso.base.UiControllerModule_ProvideUiControllerFactory.get(UiControllerModule_ProvideUiControllerFactory.java:1)
	at androidx.test.espresso.base.UiControllerModule_ProvideUiControllerFactory.get(UiControllerModule_ProvideUiControllerFactory.java:2)
	at androidx.test.espresso.core.internal.deps.dagger.internal.DoubleCheck.get(DoubleCheck.java:6)
	at androidx.test.espresso.DaggerBaseLayerComponent$ViewInteractionComponentImpl.viewInteraction(DaggerBaseLayerComponent.java:1)
	at androidx.test.espresso.Espresso.onView(Espresso.java:1)
	at com.example.toutiao.demo.ProfileUiPersistenceTest.realProfileEditorAndThreeStorageButtonsPersistAndCaptureEvidence(ProfileUiPersistenceTest.java:36)
	... 27 trimmed
Caused by: java.lang.NoSuchMethodException: android.hardware.input.InputManager.getInstance []
	at java.lang.Class.getMethod(Class.java:2941)
	at java.lang.Class.getDeclaredMethod(Class.java:2920)
	at androidx.test.espresso.base.InputManagerEventInjectionStrategy.initialize(InputManagerEventInjectionStrategy.java:5)
	... 42 more

com.example.toutiao.demo.PublishFlowTest:..
com.example.toutiao.demo.ShopCartOrderTest:.....
com.example.toutiao.demo.acceptance.MediaDetailsTest:...
Error in homepageActuallyOpensEachDetailKind(com.example.toutiao.demo.acceptance.MediaDetailsTest):
java.lang.RuntimeException: java.lang.NoSuchMethodException: android.hardware.input.InputManager.getInstance []
	at androidx.test.espresso.base.InputManagerEventInjectionStrategy.initialize(InputManagerEventInjectionStrategy.java:28)
	at androidx.test.espresso.base.BaseLayerModule.provideEventInjector(BaseLayerModule.java:4)
	at androidx.test.espresso.base.BaseLayerModule_ProvideEventInjectorFactory.provideEventInjector(BaseLayerModule_ProvideEventInjectorFactory.java:1)
	at androidx.test.espresso.base.BaseLayerModule_ProvideEventInjectorFactory.get(BaseLayerModule_ProvideEventInjectorFactory.java:1)
	at androidx.test.espresso.base.BaseLayerModule_ProvideEventInjectorFactory.get(BaseLayerModule_ProvideEventInjectorFactory.java:2)
	at androidx.test.espresso.core.internal.deps.dagger.internal.DoubleCheck.get(DoubleCheck.java:6)
	at androidx.test.espresso.base.UiControllerImpl_Factory.get(UiControllerImpl_Factory.java:1)
	at androidx.test.espresso.base.UiControllerImpl_Factory.get(UiControllerImpl_Factory.java:2)
	at androidx.test.espresso.core.internal.deps.dagger.internal.DoubleCheck.get(DoubleCheck.java:6)
	at androidx.test.espresso.base.UiControllerModule_ProvideUiControllerFactory.get(UiControllerModule_ProvideUiControllerFactory.java:1)
	at androidx.test.espresso.base.UiControllerModule_ProvideUiControllerFactory.get(UiControllerModule_ProvideUiControllerFactory.java:2)
	at androidx.test.espresso.core.internal.deps.dagger.internal.DoubleCheck.get(DoubleCheck.java:6)
	at androidx.test.espresso.DaggerBaseLayerComponent$ViewInteractionComponentImpl.viewInteraction(DaggerBaseLayerComponent.java:1)
	at androidx.test.espresso.Espresso.onView(Espresso.java:1)
	at com.example.toutiao.demo.acceptance.MediaDetailsTest.homepageActuallyOpensEachDetailKind(MediaDetailsTest.java:64)
	... 29 trimmed
Caused by: java.lang.NoSuchMethodException: android.hardware.input.InputManager.getInstance []
	at java.lang.Class.getMethod(Class.java:2941)
	at java.lang.Class.getDeclaredMethod(Class.java:2920)
	at androidx.test.espresso.base.InputManagerEventInjectionStrategy.initialize(InputManagerEventInjectionStrategy.java:5)
	... 44 more

Error in audioAdvancesSeeksPausesAndReleasesOnBackgroundAndDestroy(com.example.toutiao.demo.acceptance.MediaDetailsTest):
java.lang.RuntimeException: java.lang.NoSuchMethodException: android.hardware.input.InputManager.getInstance []
	at androidx.test.espresso.base.InputManagerEventInjectionStrategy.initialize(InputManagerEventInjectionStrategy.java:28)
	at androidx.test.espresso.base.BaseLayerModule.provideEventInjector(BaseLayerModule.java:4)
	at androidx.test.espresso.base.BaseLayerModule_ProvideEventInjectorFactory.provideEventInjector(BaseLayerModule_ProvideEventInjectorFactory.java:1)
	at androidx.test.espresso.base.BaseLayerModule_ProvideEventInjectorFactory.get(BaseLayerModule_ProvideEventInjectorFactory.java:1)
	at androidx.test.espresso.base.BaseLayerModule_ProvideEventInjectorFactory.get(BaseLayerModule_ProvideEventInjectorFactory.java:2)
	at androidx.test.espresso.core.internal.deps.dagger.internal.DoubleCheck.get(DoubleCheck.java:6)
	at androidx.test.espresso.base.UiControllerImpl_Factory.get(UiControllerImpl_Factory.java:1)
	at androidx.test.espresso.base.UiControllerImpl_Factory.get(UiControllerImpl_Factory.java:2)
	at androidx.test.espresso.core.internal.deps.dagger.internal.DoubleCheck.get(DoubleCheck.java:6)
	at androidx.test.espresso.base.UiControllerModule_ProvideUiControllerFactory.get(UiControllerModule_ProvideUiControllerFactory.java:1)
	at androidx.test.espresso.base.UiControllerModule_ProvideUiControllerFactory.get(UiControllerModule_ProvideUiControllerFactory.java:2)
	at androidx.test.espresso.core.internal.deps.dagger.internal.DoubleCheck.get(DoubleCheck.java:6)
	at androidx.test.espresso.DaggerBaseLayerComponent$ViewInteractionComponentImpl.viewInteraction(DaggerBaseLayerComponent.java:1)
	at androidx.test.espresso.Espresso.onView(Espresso.java:1)
	at com.example.toutiao.demo.acceptance.MediaDetailsTest.audioAdvancesSeeksPausesAndReleasesOnBackgroundAndDestroy(MediaDetailsTest.java:93)
	... 29 trimmed
Caused by: java.lang.NoSuchMethodException: android.hardware.input.InputManager.getInstance []
	at java.lang.Class.getMethod(Class.java:2941)
	at java.lang.Class.getDeclaredMethod(Class.java:2920)
	at androidx.test.espresso.base.InputManagerEventInjectionStrategy.initialize(InputManagerEventInjectionStrategy.java:5)
	... 44 more

Error in webLoadsRealLocalDocumentAndHtmlPreservesFormatting(com.example.toutiao.demo.acceptance.MediaDetailsTest):
java.lang.AssertionError: Timed out waiting for media state
	at org.junit.Assert.fail(Assert.java:88)
	at org.junit.Assert.assertTrue(Assert.java:41)
	at com.example.toutiao.demo.acceptance.MediaDetailsTest.await(MediaDetailsTest.java:45)
	at com.example.toutiao.demo.acceptance.MediaDetailsTest.webLoadsRealLocalDocumentAndHtmlPreservesFormatting(MediaDetailsTest.java:75)

Error in audioBadUriShowsRetryAndCanRecover(com.example.toutiao.demo.acceptance.MediaDetailsTest):
java.lang.RuntimeException: java.lang.NoSuchMethodException: android.hardware.input.InputManager.getInstance []
	at androidx.test.espresso.base.InputManagerEventInjectionStrategy.initialize(InputManagerEventInjectionStrategy.java:28)
	at androidx.test.espresso.base.BaseLayerModule.provideEventInjector(BaseLayerModule.java:4)
	at androidx.test.espresso.base.BaseLayerModule_ProvideEventInjectorFactory.provideEventInjector(BaseLayerModule_ProvideEventInjectorFactory.java:1)
	at androidx.test.espresso.base.BaseLayerModule_ProvideEventInjectorFactory.get(BaseLayerModule_ProvideEventInjectorFactory.java:1)
	at androidx.test.espresso.base.BaseLayerModule_ProvideEventInjectorFactory.get(BaseLayerModule_ProvideEventInjectorFactory.java:2)
	at androidx.test.espresso.core.internal.deps.dagger.internal.DoubleCheck.get(DoubleCheck.java:6)
	at androidx.test.espresso.base.UiControllerImpl_Factory.get(UiControllerImpl_Factory.java:1)
	at androidx.test.espresso.base.UiControllerImpl_Factory.get(UiControllerImpl_Factory.java:2)
	at androidx.test.espresso.core.internal.deps.dagger.internal.DoubleCheck.get(DoubleCheck.java:6)
	at androidx.test.espresso.base.UiControllerModule_ProvideUiControllerFactory.get(UiControllerModule_ProvideUiControllerFactory.java:1)
	at androidx.test.espresso.base.UiControllerModule_ProvideUiControllerFactory.get(UiControllerModule_ProvideUiControllerFactory.java:2)
	at androidx.test.espresso.core.internal.deps.dagger.internal.DoubleCheck.get(DoubleCheck.java:6)
	at androidx.test.espresso.DaggerBaseLayerComponent$ViewInteractionComponentImpl.viewInteraction(DaggerBaseLayerComponent.java:1)
	at androidx.test.espresso.Espresso.onView(Espresso.java:1)
	at com.example.toutiao.demo.acceptance.MediaDetailsTest.audioBadUriShowsRetryAndCanRecover(MediaDetailsTest.java:112)
	... 29 trimmed
Caused by: java.lang.NoSuchMethodException: android.hardware.input.InputManager.getInstance []
	at java.lang.Class.getMethod(Class.java:2941)
	at java.lang.Class.getDeclaredMethod(Class.java:2920)
	at androidx.test.espresso.base.InputManagerEventInjectionStrategy.initialize(InputManagerEventInjectionStrategy.java:5)
	... 44 more


Time: 27.045
There were 6 failures:
1) useAppContext(com.example.toutiao.demo.ExampleInstrumentedTest)
org.junit.ComparisonFailure: expected:<...example.toutiao.demo[]> but was:<...example.toutiao.demo[.acceptance]>
	at org.junit.Assert.assertEquals(Assert.java:115)
	at org.junit.Assert.assertEquals(Assert.java:144)
	at com.example.toutiao.demo.ExampleInstrumentedTest.useAppContext(ExampleInstrumentedTest.java:24)
	at java.lang.reflect.Method.invoke(Native Method)
	at org.junit.runners.model.FrameworkMethod$1.runReflectiveCall(FrameworkMethod.java:50)
	at org.junit.internal.runners.model.ReflectiveCallable.run(ReflectiveCallable.java:12)
	at org.junit.runners.model.FrameworkMethod.invokeExplosively(FrameworkMethod.java:47)
	at org.junit.internal.runners.statements.InvokeMethod.evaluate(InvokeMethod.java:17)
	at org.junit.runners.ParentRunner.runLeaf(ParentRunner.java:325)
	at org.junit.runners.BlockJUnit4ClassRunner.runChild(BlockJUnit4ClassRunner.java:78)
	at org.junit.runners.BlockJUnit4ClassRunner.runChild(BlockJUnit4ClassRunner.java:57)
	at org.junit.runners.ParentRunner$3.run(ParentRunner.java:290)
	at org.junit.runners.ParentRunner$1.schedule(ParentRunner.java:71)
	at org.junit.runners.ParentRunner.runChildren(ParentRunner.java:288)
	at org.junit.runners.ParentRunner.access$000(ParentRunner.java:58)
	at org.junit.runners.ParentRunner$2.evaluate(ParentRunner.java:268)
	at org.junit.runners.ParentRunner.run(ParentRunner.java:363)
	at androidx.test.ext.junit.runners.AndroidJUnit4.run(AndroidJUnit4.java:162)
	at org.junit.runners.Suite.runChild(Suite.java:128)
	at org.junit.runners.Suite.runChild(Suite.java:27)
	at org.junit.runners.ParentRunner$3.run(ParentRunner.java:290)
	at org.junit.runners.ParentRunner$1.schedule(ParentRunner.java:71)
	at org.junit.runners.ParentRunner.runChildren(ParentRunner.java:288)
	at org.junit.runners.ParentRunner.access$000(ParentRunner.java:58)
	at org.junit.runners.ParentRunner$2.evaluate(ParentRunner.java:268)
	at org.junit.runners.ParentRunner.run(ParentRunner.java:363)
	at org.junit.runner.JUnitCore.run(JUnitCore.java:137)
	at org.junit.runner.JUnitCore.run(JUnitCore.java:115)
	at androidx.test.internal.runner.TestExecutor.execute(TestExecutor.java:56)
	at androidx.test.runner.AndroidJUnitRunner.onStart(AndroidJUnitRunner.java:444)
	at android.app.Instrumentation$InstrumentationThread.run(Instrumentation.java:2655)
2) realProfileEditorAndThreeStorageButtonsPersistAndCaptureEvidence(com.example.toutiao.demo.ProfileUiPersistenceTest)
java.lang.RuntimeException: java.lang.NoSuchMethodException: android.hardware.input.InputManager.getInstance []
	at androidx.test.espresso.base.InputManagerEventInjectionStrategy.initialize(InputManagerEventInjectionStrategy.java:28)
	at androidx.test.espresso.base.BaseLayerModule.provideEventInjector(BaseLayerModule.java:4)
	at androidx.test.espresso.base.BaseLayerModule_ProvideEventInjectorFactory.provideEventInjector(BaseLayerModule_ProvideEventInjectorFactory.java:1)
	at androidx.test.espresso.base.BaseLayerModule_ProvideEventInjectorFactory.get(BaseLayerModule_ProvideEventInjectorFactory.java:1)
	at androidx.test.espresso.base.BaseLayerModule_ProvideEventInjectorFactory.get(BaseLayerModule_ProvideEventInjectorFactory.java:2)
	at androidx.test.espresso.core.internal.deps.dagger.internal.DoubleCheck.get(DoubleCheck.java:6)
	at androidx.test.espresso.base.UiControllerImpl_Factory.get(UiControllerImpl_Factory.java:1)
	at androidx.test.espresso.base.UiControllerImpl_Factory.get(UiControllerImpl_Factory.java:2)
	at androidx.test.espresso.core.internal.deps.dagger.internal.DoubleCheck.get(DoubleCheck.java:6)
	at androidx.test.espresso.base.UiControllerModule_ProvideUiControllerFactory.get(UiControllerModule_ProvideUiControllerFactory.java:1)
	at androidx.test.espresso.base.UiControllerModule_ProvideUiControllerFactory.get(UiControllerModule_ProvideUiControllerFactory.java:2)
	at androidx.test.espresso.core.internal.deps.dagger.internal.DoubleCheck.get(DoubleCheck.java:6)
	at androidx.test.espresso.DaggerBaseLayerComponent$ViewInteractionComponentImpl.viewInteraction(DaggerBaseLayerComponent.java:1)
	at androidx.test.espresso.Espresso.onView(Espresso.java:1)
	at com.example.toutiao.demo.ProfileUiPersistenceTest.realProfileEditorAndThreeStorageButtonsPersistAndCaptureEvidence(ProfileUiPersistenceTest.java:36)
	at java.lang.reflect.Method.invoke(Native Method)
	at org.junit.runners.model.FrameworkMethod$1.runReflectiveCall(FrameworkMethod.java:50)
	at org.junit.internal.runners.model.ReflectiveCallable.run(ReflectiveCallable.java:12)
	at org.junit.runners.model.FrameworkMethod.invokeExplosively(FrameworkMethod.java:47)
	at org.junit.internal.runners.statements.InvokeMethod.evaluate(InvokeMethod.java:17)
	at org.junit.runners.ParentRunner.runLeaf(ParentRunner.java:325)
	at org.junit.runners.BlockJUnit4ClassRunner.runChild(BlockJUnit4ClassRunner.java:78)
	at org.junit.runners.BlockJUnit4ClassRunner.runChild(BlockJUnit4ClassRunner.java:57)
	at org.junit.runners.ParentRunner$3.run(ParentRunner.java:290)
	at org.junit.runners.ParentRunner$1.schedule(ParentRunner.java:71)
	at org.junit.runners.ParentRunner.runChildren(ParentRunner.java:288)
	at org.junit.runners.ParentRunner.access$000(ParentRunner.java:58)
	at org.junit.runners.ParentRunner$2.evaluate(ParentRunner.java:268)
	at org.junit.runners.ParentRunner.run(ParentRunner.java:363)
	at androidx.test.ext.junit.runners.AndroidJUnit4.run(AndroidJUnit4.java:162)
	at org.junit.runners.Suite.runChild(Suite.java:128)
	at org.junit.runners.Suite.runChild(Suite.java:27)
	at org.junit.runners.ParentRunner$3.run(ParentRunner.java:290)
	at org.junit.runners.ParentRunner$1.schedule(ParentRunner.java:71)
	at org.junit.runners.ParentRunner.runChildren(ParentRunner.java:288)
	at org.junit.runners.ParentRunner.access$000(ParentRunner.java:58)
	at org.junit.runners.ParentRunner$2.evaluate(ParentRunner.java:268)
	at org.junit.runners.ParentRunner.run(ParentRunner.java:363)
	at org.junit.runner.JUnitCore.run(JUnitCore.java:137)
	at org.junit.runner.JUnitCore.run(JUnitCore.java:115)
	at androidx.test.internal.runner.TestExecutor.execute(TestExecutor.java:56)
	at androidx.test.runner.AndroidJUnitRunner.onStart(AndroidJUnitRunner.java:444)
	at android.app.Instrumentation$InstrumentationThread.run(Instrumentation.java:2655)
Caused by: java.lang.NoSuchMethodException: android.hardware.input.InputManager.getInstance []
	at java.lang.Class.getMethod(Class.java:2941)
	at java.lang.Class.getDeclaredMethod(Class.java:2920)
	at androidx.test.espresso.base.InputManagerEventInjectionStrategy.initialize(InputManagerEventInjectionStrategy.java:5)
	... 42 more
3) homepageActuallyOpensEachDetailKind(com.example.toutiao.demo.acceptance.MediaDetailsTest)
java.lang.RuntimeException: java.lang.NoSuchMethodException: android.hardware.input.InputManager.getInstance []
	at androidx.test.espresso.base.InputManagerEventInjectionStrategy.initialize(InputManagerEventInjectionStrategy.java:28)
	at androidx.test.espresso.base.BaseLayerModule.provideEventInjector(BaseLayerModule.java:4)
	at androidx.test.espresso.base.BaseLayerModule_ProvideEventInjectorFactory.provideEventInjector(BaseLayerModule_ProvideEventInjectorFactory.java:1)
	at androidx.test.espresso.base.BaseLayerModule_ProvideEventInjectorFactory.get(BaseLayerModule_ProvideEventInjectorFactory.java:1)
	at androidx.test.espresso.base.BaseLayerModule_ProvideEventInjectorFactory.get(BaseLayerModule_ProvideEventInjectorFactory.java:2)
	at androidx.test.espresso.core.internal.deps.dagger.internal.DoubleCheck.get(DoubleCheck.java:6)
	at androidx.test.espresso.base.UiControllerImpl_Factory.get(UiControllerImpl_Factory.java:1)
	at androidx.test.espresso.base.UiControllerImpl_Factory.get(UiControllerImpl_Factory.java:2)
	at androidx.test.espresso.core.internal.deps.dagger.internal.DoubleCheck.get(DoubleCheck.java:6)
	at androidx.test.espresso.base.UiControllerModule_ProvideUiControllerFactory.get(UiControllerModule_ProvideUiControllerFactory.java:1)
	at androidx.test.espresso.base.UiControllerModule_ProvideUiControllerFactory.get(UiControllerModule_ProvideUiControllerFactory.java:2)
	at androidx.test.espresso.core.internal.deps.dagger.internal.DoubleCheck.get(DoubleCheck.java:6)
	at androidx.test.espresso.DaggerBaseLayerComponent$ViewInteractionComponentImpl.viewInteraction(DaggerBaseLayerComponent.java:1)
	at androidx.test.espresso.Espresso.onView(Espresso.java:1)
	at com.example.toutiao.demo.acceptance.MediaDetailsTest.homepageActuallyOpensEachDetailKind(MediaDetailsTest.java:64)
	at java.lang.reflect.Method.invoke(Native Method)
	at org.junit.runners.model.FrameworkMethod$1.runReflectiveCall(FrameworkMethod.java:50)
	at org.junit.internal.runners.model.ReflectiveCallable.run(ReflectiveCallable.java:12)
	at org.junit.runners.model.FrameworkMethod.invokeExplosively(FrameworkMethod.java:47)
	at org.junit.internal.runners.statements.InvokeMethod.evaluate(InvokeMethod.java:17)
	at androidx.test.internal.runner.junit4.statement.RunBefores.evaluate(RunBefores.java:80)
	at androidx.test.internal.runner.junit4.statement.RunAfters.evaluate(RunAfters.java:61)
	at org.junit.runners.ParentRunner.runLeaf(ParentRunner.java:325)
	at org.junit.runners.BlockJUnit4ClassRunner.runChild(BlockJUnit4ClassRunner.java:78)
	at org.junit.runners.BlockJUnit4ClassRunner.runChild(BlockJUnit4ClassRunner.java:57)
	at org.junit.runners.ParentRunner$3.run(ParentRunner.java:290)
	at org.junit.runners.ParentRunner$1.schedule(ParentRunner.java:71)
	at org.junit.runners.ParentRunner.runChildren(ParentRunner.java:288)
	at org.junit.runners.ParentRunner.access$000(ParentRunner.java:58)
	at org.junit.runners.ParentRunner$2.evaluate(ParentRunner.java:268)
	at org.junit.runners.ParentRunner.run(ParentRunner.java:363)
	at androidx.test.ext.junit.runners.AndroidJUnit4.run(AndroidJUnit4.java:162)
	at org.junit.runners.Suite.runChild(Suite.java:128)
	at org.junit.runners.Suite.runChild(Suite.java:27)
	at org.junit.runners.ParentRunner$3.run(ParentRunner.java:290)
	at org.junit.runners.ParentRunner$1.schedule(ParentRunner.java:71)
	at org.junit.runners.ParentRunner.runChildren(ParentRunner.java:288)
	at org.junit.runners.ParentRunner.access$000(ParentRunner.java:58)
	at org.junit.runners.ParentRunner$2.evaluate(ParentRunner.java:268)
	at org.junit.runners.ParentRunner.run(ParentRunner.java:363)
	at org.junit.runner.JUnitCore.run(JUnitCore.java:137)
	at org.junit.runner.JUnitCore.run(JUnitCore.java:115)
	at androidx.test.internal.runner.TestExecutor.execute(TestExecutor.java:56)
	at androidx.test.runner.AndroidJUnitRunner.onStart(AndroidJUnitRunner.java:444)
	at android.app.Instrumentation$InstrumentationThread.run(Instrumentation.java:2655)
Caused by: java.lang.NoSuchMethodException: android.hardware.input.InputManager.getInstance []
	at java.lang.Class.getMethod(Class.java:2941)
	at java.lang.Class.getDeclaredMethod(Class.java:2920)
	at androidx.test.espresso.base.InputManagerEventInjectionStrategy.initialize(InputManagerEventInjectionStrategy.java:5)
	... 44 more
4) audioAdvancesSeeksPausesAndReleasesOnBackgroundAndDestroy(com.example.toutiao.demo.acceptance.MediaDetailsTest)
java.lang.RuntimeException: java.lang.NoSuchMethodException: android.hardware.input.InputManager.getInstance []
	at androidx.test.espresso.base.InputManagerEventInjectionStrategy.initialize(InputManagerEventInjectionStrategy.java:28)
	at androidx.test.espresso.base.BaseLayerModule.provideEventInjector(BaseLayerModule.java:4)
	at androidx.test.espresso.base.BaseLayerModule_ProvideEventInjectorFactory.provideEventInjector(BaseLayerModule_ProvideEventInjectorFactory.java:1)
	at androidx.test.espresso.base.BaseLayerModule_ProvideEventInjectorFactory.get(BaseLayerModule_ProvideEventInjectorFactory.java:1)
	at androidx.test.espresso.base.BaseLayerModule_ProvideEventInjectorFactory.get(BaseLayerModule_ProvideEventInjectorFactory.java:2)
	at androidx.test.espresso.core.internal.deps.dagger.internal.DoubleCheck.get(DoubleCheck.java:6)
	at androidx.test.espresso.base.UiControllerImpl_Factory.get(UiControllerImpl_Factory.java:1)
	at androidx.test.espresso.base.UiControllerImpl_Factory.get(UiControllerImpl_Factory.java:2)
	at androidx.test.espresso.core.internal.deps.dagger.internal.DoubleCheck.get(DoubleCheck.java:6)
	at androidx.test.espresso.base.UiControllerModule_ProvideUiControllerFactory.get(UiControllerModule_ProvideUiControllerFactory.java:1)
	at androidx.test.espresso.base.UiControllerModule_ProvideUiControllerFactory.get(UiControllerModule_ProvideUiControllerFactory.java:2)
	at androidx.test.espresso.core.internal.deps.dagger.internal.DoubleCheck.get(DoubleCheck.java:6)
	at androidx.test.espresso.DaggerBaseLayerComponent$ViewInteractionComponentImpl.viewInteraction(DaggerBaseLayerComponent.java:1)
	at androidx.test.espresso.Espresso.onView(Espresso.java:1)
	at com.example.toutiao.demo.acceptance.MediaDetailsTest.audioAdvancesSeeksPausesAndReleasesOnBackgroundAndDestroy(MediaDetailsTest.java:93)
	at java.lang.reflect.Method.invoke(Native Method)
	at org.junit.runners.model.FrameworkMethod$1.runReflectiveCall(FrameworkMethod.java:50)
	at org.junit.internal.runners.model.ReflectiveCallable.run(ReflectiveCallable.java:12)
	at org.junit.runners.model.FrameworkMethod.invokeExplosively(FrameworkMethod.java:47)
	at org.junit.internal.runners.statements.InvokeMethod.evaluate(InvokeMethod.java:17)
	at androidx.test.internal.runner.junit4.statement.RunBefores.evaluate(RunBefores.java:80)
	at androidx.test.internal.runner.junit4.statement.RunAfters.evaluate(RunAfters.java:61)
	at org.junit.runners.ParentRunner.runLeaf(ParentRunner.java:325)
	at org.junit.runners.BlockJUnit4ClassRunner.runChild(BlockJUnit4ClassRunner.java:78)
	at org.junit.runners.BlockJUnit4ClassRunner.runChild(BlockJUnit4ClassRunner.java:57)
	at org.junit.runners.ParentRunner$3.run(ParentRunner.java:290)
	at org.junit.runners.ParentRunner$1.schedule(ParentRunner.java:71)
	at org.junit.runners.ParentRunner.runChildren(ParentRunner.java:288)
	at org.junit.runners.ParentRunner.access$000(ParentRunner.java:58)
	at org.junit.runners.ParentRunner$2.evaluate(ParentRunner.java:268)
	at org.junit.runners.ParentRunner.run(ParentRunner.java:363)
	at androidx.test.ext.junit.runners.AndroidJUnit4.run(AndroidJUnit4.java:162)
	at org.junit.runners.Suite.runChild(Suite.java:128)
	at org.junit.runners.Suite.runChild(Suite.java:27)
	at org.junit.runners.ParentRunner$3.run(ParentRunner.java:290)
	at org.junit.runners.ParentRunner$1.schedule(ParentRunner.java:71)
	at org.junit.runners.ParentRunner.runChildren(ParentRunner.java:288)
	at org.junit.runners.ParentRunner.access$000(ParentRunner.java:58)
	at org.junit.runners.ParentRunner$2.evaluate(ParentRunner.java:268)
	at org.junit.runners.ParentRunner.run(ParentRunner.java:363)
	at org.junit.runner.JUnitCore.run(JUnitCore.java:137)
	at org.junit.runner.JUnitCore.run(JUnitCore.java:115)
	at androidx.test.internal.runner.TestExecutor.execute(TestExecutor.java:56)
	at androidx.test.runner.AndroidJUnitRunner.onStart(AndroidJUnitRunner.java:444)
	at android.app.Instrumentation$InstrumentationThread.run(Instrumentation.java:2655)
Caused by: java.lang.NoSuchMethodException: android.hardware.input.InputManager.getInstance []
	at java.lang.Class.getMethod(Class.java:2941)
	at java.lang.Class.getDeclaredMethod(Class.java:2920)
	at androidx.test.espresso.base.InputManagerEventInjectionStrategy.initialize(InputManagerEventInjectionStrategy.java:5)
	... 44 more
5) webLoadsRealLocalDocumentAndHtmlPreservesFormatting(com.example.toutiao.demo.acceptance.MediaDetailsTest)
java.lang.AssertionError: Timed out waiting for media state
	at org.junit.Assert.fail(Assert.java:88)
	at org.junit.Assert.assertTrue(Assert.java:41)
	at com.example.toutiao.demo.acceptance.MediaDetailsTest.await(MediaDetailsTest.java:45)
	at com.example.toutiao.demo.acceptance.MediaDetailsTest.webLoadsRealLocalDocumentAndHtmlPreservesFormatting(MediaDetailsTest.java:75)
	at java.lang.reflect.Method.invoke(Native Method)
	at org.junit.runners.model.FrameworkMethod$1.runReflectiveCall(FrameworkMethod.java:50)
	at org.junit.internal.runners.model.ReflectiveCallable.run(ReflectiveCallable.java:12)
	at org.junit.runners.model.FrameworkMethod.invokeExplosively(FrameworkMethod.java:47)
	at org.junit.internal.runners.statements.InvokeMethod.evaluate(InvokeMethod.java:17)
	at androidx.test.internal.runner.junit4.statement.RunBefores.evaluate(RunBefores.java:80)
	at androidx.test.internal.runner.junit4.statement.RunAfters.evaluate(RunAfters.java:61)
	at org.junit.runners.ParentRunner.runLeaf(ParentRunner.java:325)
	at org.junit.runners.BlockJUnit4ClassRunner.runChild(BlockJUnit4ClassRunner.java:78)
	at org.junit.runners.BlockJUnit4ClassRunner.runChild(BlockJUnit4ClassRunner.java:57)
	at org.junit.runners.ParentRunner$3.run(ParentRunner.java:290)
	at org.junit.runners.ParentRunner$1.schedule(ParentRunner.java:71)
	at org.junit.runners.ParentRunner.runChildren(ParentRunner.java:288)
	at org.junit.runners.ParentRunner.access$000(ParentRunner.java:58)
	at org.junit.runners.ParentRunner$2.evaluate(ParentRunner.java:268)
	at org.junit.runners.ParentRunner.run(ParentRunner.java:363)
	at androidx.test.ext.junit.runners.AndroidJUnit4.run(AndroidJUnit4.java:162)
	at org.junit.runners.Suite.runChild(Suite.java:128)
	at org.junit.runners.Suite.runChild(Suite.java:27)
	at org.junit.runners.ParentRunner$3.run(ParentRunner.java:290)
	at org.junit.runners.ParentRunner$1.schedule(ParentRunner.java:71)
	at org.junit.runners.ParentRunner.runChildren(ParentRunner.java:288)
	at org.junit.runners.ParentRunner.access$000(ParentRunner.java:58)
	at org.junit.runners.ParentRunner$2.evaluate(ParentRunner.java:268)
	at org.junit.runners.ParentRunner.run(ParentRunner.java:363)
	at org.junit.runner.JUnitCore.run(JUnitCore.java:137)
	at org.junit.runner.JUnitCore.run(JUnitCore.java:115)
	at androidx.test.internal.runner.TestExecutor.execute(TestExecutor.java:56)
	at androidx.test.runner.AndroidJUnitRunner.onStart(AndroidJUnitRunner.java:444)
	at android.app.Instrumentation$InstrumentationThread.run(Instrumentation.java:2655)
6) audioBadUriShowsRetryAndCanRecover(com.example.toutiao.demo.acceptance.MediaDetailsTest)
java.lang.RuntimeException: java.lang.NoSuchMethodException: android.hardware.input.InputManager.getInstance []
	at androidx.test.espresso.base.InputManagerEventInjectionStrategy.initialize(InputManagerEventInjectionStrategy.java:28)
	at androidx.test.espresso.base.BaseLayerModule.provideEventInjector(BaseLayerModule.java:4)
	at androidx.test.espresso.base.BaseLayerModule_ProvideEventInjectorFactory.provideEventInjector(BaseLayerModule_ProvideEventInjectorFactory.java:1)
	at androidx.test.espresso.base.BaseLayerModule_ProvideEventInjectorFactory.get(BaseLayerModule_ProvideEventInjectorFactory.java:1)
	at androidx.test.espresso.base.BaseLayerModule_ProvideEventInjectorFactory.get(BaseLayerModule_ProvideEventInjectorFactory.java:2)
	at androidx.test.espresso.core.internal.deps.dagger.internal.DoubleCheck.get(DoubleCheck.java:6)
	at androidx.test.espresso.base.UiControllerImpl_Factory.get(UiControllerImpl_Factory.java:1)
	at androidx.test.espresso.base.UiControllerImpl_Factory.get(UiControllerImpl_Factory.java:2)
	at androidx.test.espresso.core.internal.deps.dagger.internal.DoubleCheck.get(DoubleCheck.java:6)
	at androidx.test.espresso.base.UiControllerModule_ProvideUiControllerFactory.get(UiControllerModule_ProvideUiControllerFactory.java:1)
	at androidx.test.espresso.base.UiControllerModule_ProvideUiControllerFactory.get(UiControllerModule_ProvideUiControllerFactory.java:2)
	at androidx.test.espresso.core.internal.deps.dagger.internal.DoubleCheck.get(DoubleCheck.java:6)
	at androidx.test.espresso.DaggerBaseLayerComponent$ViewInteractionComponentImpl.viewInteraction(DaggerBaseLayerComponent.java:1)
	at androidx.test.espresso.Espresso.onView(Espresso.java:1)
	at com.example.toutiao.demo.acceptance.MediaDetailsTest.audioBadUriShowsRetryAndCanRecover(MediaDetailsTest.java:112)
	at java.lang.reflect.Method.invoke(Native Method)
	at org.junit.runners.model.FrameworkMethod$1.runReflectiveCall(FrameworkMethod.java:50)
	at org.junit.internal.runners.model.ReflectiveCallable.run(ReflectiveCallable.java:12)
	at org.junit.runners.model.FrameworkMethod.invokeExplosively(FrameworkMethod.java:47)
	at org.junit.internal.runners.statements.InvokeMethod.evaluate(InvokeMethod.java:17)
	at androidx.test.internal.runner.junit4.statement.RunBefores.evaluate(RunBefores.java:80)
	at androidx.test.internal.runner.junit4.statement.RunAfters.evaluate(RunAfters.java:61)
	at org.junit.runners.ParentRunner.runLeaf(ParentRunner.java:325)
	at org.junit.runners.BlockJUnit4ClassRunner.runChild(BlockJUnit4ClassRunner.java:78)
	at org.junit.runners.BlockJUnit4ClassRunner.runChild(BlockJUnit4ClassRunner.java:57)
	at org.junit.runners.ParentRunner$3.run(ParentRunner.java:290)
	at org.junit.runners.ParentRunner$1.schedule(ParentRunner.java:71)
	at org.junit.runners.ParentRunner.runChildren(ParentRunner.java:288)
	at org.junit.runners.ParentRunner.access$000(ParentRunner.java:58)
	at org.junit.runners.ParentRunner$2.evaluate(ParentRunner.java:268)
	at org.junit.runners.ParentRunner.run(ParentRunner.java:363)
	at androidx.test.ext.junit.runners.AndroidJUnit4.run(AndroidJUnit4.java:162)
	at org.junit.runners.Suite.runChild(Suite.java:128)
	at org.junit.runners.Suite.runChild(Suite.java:27)
	at org.junit.runners.ParentRunner$3.run(ParentRunner.java:290)
	at org.junit.runners.ParentRunner$1.schedule(ParentRunner.java:71)
	at org.junit.runners.ParentRunner.runChildren(ParentRunner.java:288)
	at org.junit.runners.ParentRunner.access$000(ParentRunner.java:58)
	at org.junit.runners.ParentRunner$2.evaluate(ParentRunner.java:268)
	at org.junit.runners.ParentRunner.run(ParentRunner.java:363)
	at org.junit.runner.JUnitCore.run(JUnitCore.java:137)
	at org.junit.runner.JUnitCore.run(JUnitCore.java:115)
	at androidx.test.internal.runner.TestExecutor.execute(TestExecutor.java:56)
	at androidx.test.runner.AndroidJUnitRunner.onStart(AndroidJUnitRunner.java:444)
	at android.app.Instrumentation$InstrumentationThread.run(Instrumentation.java:2655)
Caused by: java.lang.NoSuchMethodException: android.hardware.input.InputManager.getInstance []
	at java.lang.Class.getMethod(Class.java:2941)
	at java.lang.Class.getDeclaredMethod(Class.java:2920)
	at androidx.test.espresso.base.InputManagerEventInjectionStrategy.initialize(InputManagerEventInjectionStrategy.java:5)
	... 44 more

FAILURES!!!
Tests run: 36,  Failures: 6


